// Jest Snapshot v1, https://goo.gl/fbAQLP

exports[`ButtonComponent should match to snapshot 1`] = `
<View
  accessible={true}
  collapsable={false}
  focusable={true}
  onClick={[Function]}
  onResponderGrant={[Function]}
  onResponderMove={[Function]}
  onResponderRelease={[Function]}
  onResponderTerminate={[Function]}
  onResponderTerminationRequest={[Function]}
  onStartShouldSetResponder={[Function]}
  style={
    Object {
      "alignItems": "center",
      "flexDirection": "row",
      "height": 50,
      "opacity": 1,
      "paddingHorizontal": 20,
    }
  }
>
  <Text
    style={
      Object {
        "color": "#FFFFFF",
        "fontSize": 20,
        "marginLeft": 10,
      }
    }
  >
    NEXT
  </Text>
</View>
`;
